exports[`validator removeEmptyArrays removes all fields holding [] 1`] = `
Object {
  "allergenes": undefined,
  "alternatives": undefined,
  "author": undefined,
  "calculation-process-documentation": undefined,
  "co2-calculation": undefined,
  "co2-calculation-parameters": undefined,
  "co2-value": 42,
  "combined-product": undefined,
  "comments": undefined,
  "conservation-names": undefined,
  "conservation-values": undefined,
  "data-quality": undefined,
  "delete": undefined,
  "density": undefined,
  "fao-product-id": undefined,
  "id": 1234,
  "info-text": undefined,
  "linked-id": undefined,
  "name": "test",
  "name-english": undefined,
  "name-french": undefined,
  "nutrition-id": undefined,
  "other-references": undefined,
  "packaging-names": undefined,
  "packaging-values": undefined,
  "perishability": undefined,
  "processing-names": undefined,
  "processing-values": undefined,
  "production-names": undefined,
  "production-values": undefined,
  "quantity-comments": undefined,
  "quantity-references": undefined,
  "references": undefined,
  "references-parameters": undefined,
  "season-begin": undefined,
  "season-end": undefined,
  "specification": undefined,
  "tags": undefined,
  "unit-weight": undefined,
  "waste-id": undefined,
}
`;

exports[`validator removeEmptyObjectsFromArrays removes [{}] 1`] = `
Object {
  "id": 15,
  "processes": Array [
    Object {
      "key": "value",
    },
  ],
}
`;
